measurement:1 studio:1 heart:1 response:1 bath:1 batch:4