performance:1 inflation:1 injury:1 statement:1 perspective:1